// Jest Snapshot v1, https://goo.gl/fbAQLP

exports[`Tests in <Pinpad /> It should show Pinpad properly 1`] = `
<main>
  <Screen
    password=""
  />
  <section
    className="row"
  >
    <ButtonKey
      disabled={false}
      key="1"
      onButtonClick={[Function]}
      value="1"
    />
    <ButtonKey
      disabled={false}
      key="2"
      onButtonClick={[Function]}
      value="2"
    />
    <ButtonKey
      disabled={false}
      key="3"
      onButtonClick={[Function]}
      value="3"
    />
  </section>
  <section
    className="row"
  >
    <ButtonKey
      disabled={false}
      key="4"
      onButtonClick={[Function]}
      value="4"
    />
    <ButtonKey
      disabled={false}
      key="5"
      onButtonClick={[Function]}
      value="5"
    />
    <ButtonKey
      disabled={false}
      key="6"
      onButtonClick={[Function]}
      value="6"
    />
  </section>
  <section
    className="row"
  >
    <ButtonKey
      disabled={false}
      key="7"
      onButtonClick={[Function]}
      value="7"
    />
    <ButtonKey
      disabled={false}
      key="8"
      onButtonClick={[Function]}
      value="8"
    />
    <ButtonKey
      disabled={false}
      key="9"
      onButtonClick={[Function]}
      value="9"
    />
  </section>
  <section
    className="row"
  >
    <ButtonKey
      disabled={false}
      key="0"
      onButtonClick={[Function]}
      value="0"
    />
  </section>
</main>
`;
